<html>
<body>
<pre>
<h1>µVision Build Log</h1>
<h2>Tool Versions:</h2>
IDE-Version: µVision V5.22.0.0
Copyright (C) 2016 ARM Ltd and ARM Germany GmbH. All rights reserved.
License Information: Meghan Chen, Cornell University, LIC=----
 
Tool Versions:
Toolchain:       MDK-Lite  Version: 5.22
Toolchain Path:  C:\Keil_v5\ARM\ARMCC\Bin
C Compiler:      Armcc.exe V5.06 update 4 (build 422)
Assembler:       Armasm.exe V5.06 update 4 (build 422)
Linker/Locator:  ArmLink.exe V5.06 update 4 (build 422)
Library Manager: ArmAr.exe V5.06 update 4 (build 422)
Hex Converter:   FromElf.exe V5.06 update 4 (build 422)
CPU DLL:         SARMCM3.DLL V5.22
Dialog DLL:      DCM.DLL V1.13.9.0
Target DLL:      CMSIS_AGDI.dll V1.27.0.0
Dialog DLL:      TCM.DLL V1.21.0.0
 
<h2>Project:</h2>
C:\Users\meghan\Desktop\3140\lab4\lab4.uvprojx
Project File Date:  04/07/2017

<h2>Output:</h2>
*** Using Compiler 'V5.06 update 4 (build 422)', folder: 'C:\Keil_v5\ARM\ARMCC\Bin'
Rebuild target 'Target 1'
assembling 3140.s...
3140.s(102): warning: A1581W: Added 2 bytes of padding at address 0x72
compiling 3140_concur.c...
compiling utils.c...
compiling lock.c...
compiling process_soln.c...
compiling lab4_t1.c...
lab4_t1.c(12): warning:  #177-D: variable "j"  was declared but never referenced
        int j;
lab4_t1.c(47): warning:  #177-D: variable "j"  was declared but never referenced
    int j;
lab4_t1.c: 2 warnings, 0 errors
compiling startup.c...
assembling startup_MK64F12.s...
compiling system_MK64F12.c...
linking...
Program Size: Code=1696 RO-data=1056 RW-data=44 ZI-data=2048  
".\Objects\lab4.axf" - 0 Error(s), 3 Warning(s).

<h2>Software Packages used:</h2>

Package Vendor: ARM
                http://www.keil.com/pack/ARM.CMSIS.5.0.0.pack
                ARM::CMSIS:CORE:5.0.0
                CMSIS (Cortex Microcontroller Software Interface Standard)
   * Component: CORE Version: 5.0.0

Package Vendor: Keil
                http://www.keil.com/pack/Keil.Kinetis_SDK_DFP.2.2.0.pack
                Keil::Device:Startup:2.8
                Freescale Kinetis SDK v1.2.0 including MK64FN1M0VLL12 CMSIS Device Support and Drivers
   * Component: Startup Version: 2.8

<h2>Collection of Component include folders:</h2>
  C:\Users\meghan\Desktop\3140\lab4\RTE\Device\MK64FN1M0VLL12
  C:\Users\meghan\Desktop\3140\lab4\RTE\_Target_1
  C:\Keil_v5\ARM\PACK\ARM\CMSIS\5.0.0\CMSIS\Include
  C:\Keil_v5\ARM\PACK\Keil\Kinetis_SDK_DFP\2.2.0\platform\devices

<h2>Collection of Component Files used:</h2>

   * Component: ARM::CMSIS:CORE:5.0.0

   * Component: Keil::Device:Startup:2.8
      Source file:   platform\devices\MK64F12\startup\arm\startup_MK64F12.s
      Include file:  platform\devices\MK64F12\startup\system_MK64F12.h
      Source file:   platform\devices\MK64F12\startup\system_MK64F12.c
      Include file:  addon_cmsis\Driver\MK64F\Config\RTE_Device.h
      Source file:   platform\devices\startup.c
Build Time Elapsed:  00:01:39
</pre>
</body>
</html>
