Component: ARM Compiler 5.06 update 4 (build 422) Tool: armlink [4d35d2]

==============================================================================

Section Cross References

    3140.o(myProg) refers to process_soln.o(i.process_select) for process_select
    3140.o(myProg) refers to 3140.o(myData) for OrigStackPointer
    3140_concur.o(i.process_stack_free) refers to malloc2.o(i.__free$2region) for free
    3140_concur.o(i.process_stack_init) refers to malloc2.o(i.__malloc$2region) for malloc
    3140_concur.o(i.process_stack_init) refers to 3140.o(myProg) for process_terminated
    utils.o(i.LEDBlue_On) refers to utils.o(i.__get_PRIMASK) for __get_PRIMASK
    utils.o(i.LEDBlue_On) refers to utils.o(i.__set_PRIMASK) for __set_PRIMASK
    utils.o(i.LEDGreen_On) refers to utils.o(i.__get_PRIMASK) for __get_PRIMASK
    utils.o(i.LEDGreen_On) refers to utils.o(i.__set_PRIMASK) for __set_PRIMASK
    utils.o(i.LEDRed_On) refers to utils.o(i.__get_PRIMASK) for __get_PRIMASK
    utils.o(i.LEDRed_On) refers to utils.o(i.__set_PRIMASK) for __set_PRIMASK
    utils.o(i.LED_Off) refers to utils.o(i.__get_PRIMASK) for __get_PRIMASK
    utils.o(i.LED_Off) refers to utils.o(i.__set_PRIMASK) for __set_PRIMASK
    lock.o(i.l_lock) refers to 3140.o(myProg) for process_blocked
    lock.o(i.l_lock) refers to lock.o(.data) for current_process
    lock.o(i.l_lock) refers to process_soln.o(.data) for current_process
    lock.o(i.l_lock) refers to lab4_t0.o(.data) for current_process
    process_soln.o(i.pop_front_process) refers to lock.o(.data) for process_queue
    process_soln.o(i.pop_front_process) refers to process_soln.o(.data) for process_queue
    process_soln.o(i.pop_front_process) refers to lab4_t0.o(.data) for process_queue
    process_soln.o(i.process_create) refers to 3140_concur.o(i.process_stack_init) for process_stack_init
    process_soln.o(i.process_create) refers to malloc2.o(i.__malloc$2region) for malloc
    process_soln.o(i.process_create) refers to 3140_concur.o(i.process_stack_free) for process_stack_free
    process_soln.o(i.process_create) refers to process_soln.o(i.push_tail_process) for push_tail_process
    process_soln.o(i.process_free) refers to 3140_concur.o(i.process_stack_free) for process_stack_free
    process_soln.o(i.process_free) refers to malloc2.o(i.__free$2region) for free
    process_soln.o(i.process_select) refers to process_soln.o(i.push_tail_blocked) for push_tail_blocked
    process_soln.o(i.process_select) refers to process_soln.o(i.push_tail_process) for push_tail_process
    process_soln.o(i.process_select) refers to process_soln.o(i.process_free) for process_free
    process_soln.o(i.process_select) refers to process_soln.o(i.pop_front_process) for pop_front_process
    process_soln.o(i.process_select) refers to lock.o(.data) for current_process
    process_soln.o(i.process_select) refers to process_soln.o(.data) for current_process
    process_soln.o(i.process_select) refers to lab4_t0.o(.data) for current_process
    process_soln.o(i.process_start) refers to 3140.o(myProg) for process_begin
    process_soln.o(i.process_start) refers to lock.o(.data) for process_queue
    process_soln.o(i.process_start) refers to process_soln.o(.data) for process_queue
    process_soln.o(i.process_start) refers to lab4_t0.o(.data) for process_queue
    process_soln.o(i.push_tail_process) refers to lock.o(.data) for process_queue
    process_soln.o(i.push_tail_process) refers to process_soln.o(.data) for process_queue
    process_soln.o(i.push_tail_process) refers to lab4_t0.o(.data) for process_queue
    lab4_t0.o(i.main) refers to utils.o(i.LED_Initialize) for LED_Initialize
    lab4_t0.o(i.main) refers to lock.o(i.l_init) for l_init
    lab4_t0.o(i.main) refers to process_soln.o(i.process_create) for process_create
    lab4_t0.o(i.main) refers to process_soln.o(i.process_start) for process_start
    lab4_t0.o(i.main) refers to utils.o(i.LEDGreen_On) for LEDGreen_On
    lab4_t0.o(i.main) refers to lab4_t0.o(.bss) for l
    lab4_t0.o(i.main) refers to lab4_t0.o(i.p1) for p1
    lab4_t0.o(i.p1) refers to utils.o(i.delay) for delay
    lab4_t0.o(i.p1) refers to lock.o(i.l_lock) for l_lock
    lab4_t0.o(i.p1) refers to utils.o(i.LEDRed_Toggle) for LEDRed_Toggle
    lab4_t0.o(i.p1) refers to utils.o(i.LEDBlue_Toggle) for LEDBlue_Toggle
    lab4_t0.o(i.p1) refers to lock.o(i.l_unlock) for l_unlock
    lab4_t0.o(i.p1) refers to lab4_t0.o(.bss) for l
    startup_mk64f12.o(RESET) refers to startup_mk64f12.o(.text) for Reset_Handler
    startup_mk64f12.o(RESET) refers to 3140.o(myProg) for SVC_Handler
    startup_mk64f12.o(.text) refers to startup_mk64f12.o(FlashConfig) for FlashConfig
    startup_mk64f12.o(.text) refers to system_mk64f12.o(i.SystemInit) for SystemInit
    startup_mk64f12.o(.text) refers to startup.o(i.init_data_bss) for init_data_bss
    startup_mk64f12.o(.text) refers to entry.o(.ARM.Collect$$$$00000000) for __main
    system_mk64f12.o(i.SystemCoreClockUpdate) refers to system_mk64f12.o(.data) for SystemCoreClock
    entry.o(.ARM.Collect$$$$00000000) refers (Special) to entry10a.o(.ARM.Collect$$$$0000000D) for __rt_final_cpp
    entry.o(.ARM.Collect$$$$00000000) refers (Special) to entry11a.o(.ARM.Collect$$$$0000000F) for __rt_final_exit
    entry.o(.ARM.Collect$$$$00000000) refers (Special) to entry7b.o(.ARM.Collect$$$$00000008) for _main_clock
    entry.o(.ARM.Collect$$$$00000000) refers (Special) to entry8b.o(.ARM.Collect$$$$0000000A) for _main_cpp_init
    entry.o(.ARM.Collect$$$$00000000) refers (Special) to entry9a.o(.ARM.Collect$$$$0000000B) for _main_init
    entry.o(.ARM.Collect$$$$00000000) refers (Special) to entry5.o(.ARM.Collect$$$$00000004) for _main_scatterload
    entry.o(.ARM.Collect$$$$00000000) refers (Special) to entry4.o(.ARM.Collect$$$$00000003) for _main_stk
    malloc2.o(i.__free$2region) refers to mvars.o(.data) for __microlib_freelist
    malloc2.o(i.__malloc$2region) refers to mvars.o(.data) for __microlib_freelist_initialised
    malloc2.o(i.__malloc$2region) refers to mvars.o(.data) for __microlib_freelist
    mallocr2.o(i.__free$realloc$2region) refers to mvars.o(.data) for __microlib_freelist
    mallocr2.o(i.__malloc$realloc$2region) refers to mallocr2.o(i.internal_alloc) for internal_alloc
    mallocr2.o(i.__malloc$realloc$2region) refers to mvars.o(.data) for __microlib_freelist_initialised
    mallocr2.o(i.__malloc$realloc$2region) refers to mvars.o(.data) for __microlib_freelist
    mallocr2.o(i.__realloc$2region) refers to mallocr2.o(i.__free$realloc$2region) for __free$realloc$2region
    mallocr2.o(i.__realloc$2region) refers to mallocr2.o(i.internal_alloc) for internal_alloc
    mallocr2.o(i.__realloc$2region) refers to mallocr2.o(i.__malloc$realloc$2region) for __malloc$realloc$2region
    mallocr2.o(i.__realloc$2region) refers to mvars.o(.data) for __microlib_freelist
    mallocr2.o(i.internal_alloc) refers to memcpya.o(.text) for __aeabi_memcpy
    mallocr2.o(i.internal_alloc) refers to mvars.o(.data) for __microlib_freelist
    malloca2.o(i.__aligned_malloc$2region) refers to mvars.o(.data) for __microlib_freelist_initialised
    malloca2.o(i.__aligned_malloc$2region) refers to mvars.o(.data) for __microlib_freelist
    malloca2.o(i.__free$memalign$2region) refers to mvars.o(.data) for __microlib_freelist
    malloca2.o(i.__malloc$memalign$2region) refers to malloca2.o(i.__aligned_malloc$2region) for __aligned_malloc$2region
    mallocra2.o(i.__aligned_malloc$realloc$2region) refers to mallocra2.o(i.internal_alloc) for internal_alloc
    mallocra2.o(i.__aligned_malloc$realloc$2region) refers to mvars.o(.data) for __microlib_freelist_initialised
    mallocra2.o(i.__aligned_malloc$realloc$2region) refers to mvars.o(.data) for __microlib_freelist
    mallocra2.o(i.__free$realloc$memalign$2region) refers to mvars.o(.data) for __microlib_freelist
    mallocra2.o(i.__malloc$realloc$memalign$2region) refers to mallocra2.o(i.__aligned_malloc$realloc$2region) for __aligned_malloc$realloc$2region
    mallocra2.o(i.__realloc$memalign$2region) refers to mallocra2.o(i.__free$realloc$memalign$2region) for __free$realloc$memalign$2region
    mallocra2.o(i.__realloc$memalign$2region) refers to mallocra2.o(i.internal_alloc) for internal_alloc
    mallocra2.o(i.__realloc$memalign$2region) refers to mallocra2.o(i.__malloc$realloc$memalign$2region) for __malloc$realloc$memalign$2region
    mallocra2.o(i.__realloc$memalign$2region) refers to mvars.o(.data) for __microlib_freelist
    mallocra2.o(i.internal_alloc) refers to memcpya.o(.text) for __aeabi_memcpy
    mallocra2.o(i.internal_alloc) refers to mvars.o(.data) for __microlib_freelist
    entry4.o(.ARM.Collect$$$$00000003) refers to entry4.o(.ARM.Collect$$$$00002714) for __lit__00000000
    entry4.o(__vectab_stack_and_reset_area) refers to entry.o(.ARM.Collect$$$$00000000) for __main
    entry5.o(.ARM.Collect$$$$00000004) refers to init.o(.text) for __scatterload
    entry9a.o(.ARM.Collect$$$$0000000B) refers to lab4_t0.o(i.main) for main
    entry9b.o(.ARM.Collect$$$$0000000C) refers to lab4_t0.o(i.main) for main
    init.o(.text) refers to entry5.o(.ARM.Collect$$$$00000004) for __main_after_scatterload

